
There are no discarded input sections

Memory Configuration

Name             Origin             Length             Attributes
*default*        0x00000000         0xffffffff

Linker script and memory map

LOAD boot.o
LOAD kernel.o
LOAD vgadisplay_drv.o
LOAD /home/graeme/opt/cross/lib/gcc/i686-elf/14.2.0/libgcc.a
                0x00200000                        . = 0x200000

.text           0x00200000      0x1eb
 *(.multiboot)
 .multiboot     0x00200000        0xc boot.o
 *(.text)
 *fill*         0x0020000c        0x4 
 .text          0x00200010        0xe boot.o
                0x00200010                _start
 *fill*         0x0020001e        0x2 
 .text          0x00200020       0x3e kernel.o
                0x00200020                kernel_main
 *fill*         0x0020005e        0x2 
 .text          0x00200060      0x18b vgadisplay_drv.o
                0x00200060                vga_init
                0x00200084                clear_screen
                0x002000a1                cursor_pos_get
                0x002000b0                cursor_state_set
                0x002000f3                cursor_set
                0x00200116                print_string
                0x0020018d                put_char
                0x002001b5                print_hex

.iplt           0x002001eb        0x0
 .iplt          0x002001eb        0x0 boot.o

.rel.dyn        0x002001ec        0x0
 .rel.got       0x002001ec        0x0 boot.o
 .rel.iplt      0x002001ec        0x0 boot.o

.rodata
 *(.rodata)

.rodata.str1.1  0x002001eb       0x26
 .rodata.str1.1
                0x002001eb       0x26 kernel.o

.data           0x00201000        0x0
 *(.data)
 .data          0x00201000        0x0 kernel.o
 .data          0x00201000        0x0 vgadisplay_drv.o

.got            0x00200214        0x0
 .got           0x00200214        0x0 boot.o

.got.plt        0x00200214        0x0
 .got.plt       0x00200214        0x0 boot.o

.igot.plt       0x00200214        0x0
 .igot.plt      0x00200214        0x0 boot.o

.bss            0x00201000     0x4000
 *(COMMON)
 *(.bss)
 .bss           0x00201000     0x4000 boot.o
 .bss           0x00205000        0x0 kernel.o
OUTPUT(bonesOS.bin elf32-i386)

.stab           0x00000000      0x714
 .stab          0x00000000       0x60 boot.o
 .stab          0x00000060      0x6b4 vgadisplay_drv.o
                                0x6c0 (size before relaxing)

.stabstr        0x00000000       0x1d
 .stabstr       0x00000000       0x1d boot.o

.debug_info     0x00000000      0x186
 .debug_info    0x00000000      0x186 kernel.o

.debug_abbrev   0x00000000       0xc4
 .debug_abbrev  0x00000000       0xc4 kernel.o

.debug_aranges  0x00000000       0x20
 .debug_aranges
                0x00000000       0x20 kernel.o

.debug_line     0x00000000       0x6b
 .debug_line    0x00000000       0x6b kernel.o

.debug_str      0x00000000      0x21a
 .debug_str     0x00000000      0x21a kernel.o
                                0x253 (size before relaxing)

.debug_line_str
                0x00000000       0x7a
 .debug_line_str
                0x00000000       0x7a kernel.o
                                 0xa8 (size before relaxing)

.comment        0x00000000       0x12
 .comment       0x00000000       0x12 kernel.o
                                 0x13 (size before relaxing)

.debug_frame    0x00000000       0x34
 .debug_frame   0x00000000       0x34 kernel.o
