
There are no discarded input sections

Memory Configuration

Name             Origin             Length             Attributes
*default*        0x00000000         0xffffffff

Linker script and memory map

LOAD boot.o
LOAD kernel.o
LOAD vgadisplay_drv.o
LOAD /home/graeme/opt/cross/lib/gcc/i686-elf/14.2.0/libgcc.a
                0x00200000                        . = 0x200000

.text           0x00200000      0x3cf
 *(.multiboot)
 .multiboot     0x00200000        0xc boot.o
 *(.text)
 *fill*         0x0020000c        0x4 
 .text          0x00200010        0xe boot.o
                0x00200010                _start
 *fill*         0x0020001e        0x2 
 .text          0x00200020      0x376 kernel.o
                0x00200020                strlen
                0x00200040                terminal_initialize
                0x002000b0                terminal_setcolor
                0x002000c0                terminal_putentryat
                0x002000f0                terminal_putchar
                0x00200180                terminal_write
                0x00200240                terminal_writestring
                0x00200310                kernel_main
 *fill*         0x00200396        0xa 
 .text          0x002003a0       0x2f vgadisplay_drv.o
                0x002003a0                vgaInit
                0x002003b0                putChar

.iplt           0x002003cf        0x0
 .iplt          0x002003cf        0x0 boot.o

.rel.dyn        0x002003d0        0x0
 .rel.got       0x002003d0        0x0 boot.o
 .rel.iplt      0x002003d0        0x0 boot.o

.rodata
 *(.rodata)

.rodata.str1.1  0x002003cf       0x34
 .rodata.str1.1
                0x002003cf       0x34 kernel.o

.data           0x00201000        0x0
 *(.data)
 .data          0x00201000        0x0 kernel.o
 .data          0x00201000        0x0 vgadisplay_drv.o

.got            0x00200404        0x0
 .got           0x00200404        0x0 boot.o

.got.plt        0x00200404        0x0
 .got.plt       0x00200404        0x0 boot.o

.igot.plt       0x00200404        0x0
 .igot.plt      0x00200404        0x0 boot.o

.bss            0x00201000     0x4010
 *(COMMON)
 *(.bss)
 .bss           0x00201000     0x4000 boot.o
 .bss           0x00205000       0x10 kernel.o
                0x00205000                terminal_buffer
                0x00205004                terminal_color
                0x00205008                terminal_column
                0x0020500c                terminal_row
OUTPUT(bonesOS.bin elf32-i386)

.stab           0x00000000      0x114
 .stab          0x00000000       0x60 boot.o
 .stab          0x00000060       0xb4 vgadisplay_drv.o
                                 0xc0 (size before relaxing)

.stabstr        0x00000000       0x1d
 .stabstr       0x00000000       0x1d boot.o

.debug_info     0x00000000      0x73b
 .debug_info    0x00000000      0x73b kernel.o

.debug_abbrev   0x00000000      0x212
 .debug_abbrev  0x00000000      0x212 kernel.o

.debug_loclists
                0x00000000      0x31d
 .debug_loclists
                0x00000000      0x31d kernel.o

.debug_aranges  0x00000000       0x20
 .debug_aranges
                0x00000000       0x20 kernel.o

.debug_rnglists
                0x00000000      0x13f
 .debug_rnglists
                0x00000000      0x13f kernel.o

.debug_line     0x00000000      0x4ca
 .debug_line    0x00000000      0x4ca kernel.o

.debug_str      0x00000000      0x2f9
 .debug_str     0x00000000      0x2f9 kernel.o
                                0x338 (size before relaxing)

.debug_line_str
                0x00000000       0x72
 .debug_line_str
                0x00000000       0x72 kernel.o
                                 0xa0 (size before relaxing)

.comment        0x00000000       0x12
 .comment       0x00000000       0x12 kernel.o
                                 0x13 (size before relaxing)

.debug_frame    0x00000000      0x150
 .debug_frame   0x00000000      0x150 kernel.o
