
There are no discarded input sections

Memory Configuration

Name             Origin             Length             Attributes
*default*        0x00000000         0xffffffff

Linker script and memory map

LOAD boot.o
LOAD kernel.o
LOAD vgadisplay_drv.o
LOAD gdt.o
LOAD isr.o
LOAD idt.o
LOAD /home/graeme/opt/cross/lib/gcc/i686-elf/14.2.0/libgcc.a
                0x00200000                        . = 0x200000

.text           0x00200000      0x665
 *(.multiboot)
 .multiboot     0x00200000        0xc boot.o
 *(.text)
 *fill*         0x0020000c        0x4 
 .text          0x00200010       0x18 boot.o
                0x00200010                _start
 *fill*         0x00200028        0x8 
 .text          0x00200030       0x67 kernel.o
                0x00200030                kernel_main
 *fill*         0x00200097        0x9 
 .text          0x002000a0      0x1fb vgadisplay_drv.o
                0x002000a0                vga_init
                0x002000d2                color_set
                0x002000e7                clear_screen
                0x00200106                cursor_pos_get
                0x00200115                scroll_up
                0x00200135                cursor_state_set
                0x00200182                cursor_set
                0x002001ae                print_string
                0x002001d5                cursor_set_position
                0x0020022f                put_char
 *fill*         0x0020029b        0x5 
 .text          0x002002a0       0x99 gdt.o
                0x002002be                gdt_load
 *fill*         0x00200339        0x7 
 .text          0x00200340        0x6 isr.o
 *fill*         0x00200346        0xa 
 .text          0x00200350      0x315 idt.o
                0x0020065e                idt_load

.iplt           0x00200665        0x0
 .iplt          0x00200665        0x0 boot.o

.rel.dyn        0x00200668        0x0
 .rel.got       0x00200668        0x0 boot.o
 .rel.iplt      0x00200668        0x0 boot.o

.rodata
 *(.rodata)

.rodata.str1.1  0x00200665       0x30
 .rodata.str1.1
                0x00200665       0x30 kernel.o

.rodata.str1.4  0x00200698       0x52
 .rodata.str1.4
                0x00200698       0x52 kernel.o

.data           0x00201000        0x7
 *(.data)
 .data          0x00201000        0x0 kernel.o
 .data          0x00201000        0x7 vgadisplay_drv.o

.got            0x00201008        0x0
 .got           0x00201008        0x0 boot.o

.got.plt        0x00201008        0x0
 .got.plt       0x00201008        0x0 boot.o

.igot.plt       0x00201008        0x0
 .igot.plt      0x00201008        0x0 boot.o

.bss            0x00202000     0x4000
 *(COMMON)
 *(.bss)
 .bss           0x00202000     0x4000 boot.o
 .bss           0x00206000        0x0 kernel.o
OUTPUT(bonesOS.bin elf32-i386)

.debug_aranges  0x00000000       0xc0
 .debug_aranges
                0x00000000       0x20 boot.o
 .debug_aranges
                0x00000020       0x20 kernel.o
 .debug_aranges
                0x00000040       0x20 vgadisplay_drv.o
 .debug_aranges
                0x00000060       0x20 gdt.o
 .debug_aranges
                0x00000080       0x20 isr.o
 .debug_aranges
                0x000000a0       0x20 idt.o

.debug_pubnames
                0x00000000        0x0
 .debug_pubnames
                0x00000000        0x0 boot.o
 .debug_pubnames
                0x00000000        0x0 vgadisplay_drv.o
 .debug_pubnames
                0x00000000        0x0 gdt.o
 .debug_pubnames
                0x00000000        0x0 isr.o
 .debug_pubnames
                0x00000000        0x0 idt.o

.debug_info     0x00000000      0x36e
 .debug_info    0x00000000       0x59 boot.o
 .debug_info    0x00000059      0x1aa kernel.o
 .debug_info    0x00000203       0x63 vgadisplay_drv.o
 .debug_info    0x00000266       0x58 gdt.o
 .debug_info    0x000002be       0x58 isr.o
 .debug_info    0x00000316       0x58 idt.o

.debug_abbrev   0x00000000      0x158
 .debug_abbrev  0x00000000       0x1d boot.o
 .debug_abbrev  0x0000001d       0xc7 kernel.o
 .debug_abbrev  0x000000e4       0x1d vgadisplay_drv.o
 .debug_abbrev  0x00000101       0x1d gdt.o
 .debug_abbrev  0x0000011e       0x1d isr.o
 .debug_abbrev  0x0000013b       0x1d idt.o

.debug_line     0x00000000      0x526
 .debug_line    0x00000000       0x4a boot.o
 .debug_line    0x0000004a       0x73 kernel.o
 .debug_line    0x000000bd      0x16e vgadisplay_drv.o
 .debug_line    0x0000022b       0x66 gdt.o
 .debug_line    0x00000291       0x3a isr.o
 .debug_line    0x000002cb      0x25b idt.o

.debug_frame    0x00000000       0x38
 .debug_frame   0x00000000        0x0 boot.o
 .debug_frame   0x00000000       0x34 kernel.o
 *fill*         0x00000034        0x4 
 .debug_frame   0x00000038        0x0 vgadisplay_drv.o
 .debug_frame   0x00000038        0x0 gdt.o
 .debug_frame   0x00000038        0x0 isr.o
 .debug_frame   0x00000038        0x0 idt.o

.debug_loc      0x00000000        0x0
 .debug_loc     0x00000000        0x0 boot.o
 .debug_loc     0x00000000        0x0 vgadisplay_drv.o
 .debug_loc     0x00000000        0x0 gdt.o
 .debug_loc     0x00000000        0x0 isr.o
 .debug_loc     0x00000000        0x0 idt.o

.debug_str      0x00000000      0x212
 .debug_str     0x00000000      0x212 kernel.o
                                0x252 (size before relaxing)

.debug_line_str
                0x00000000       0x7c
 .debug_line_str
                0x00000000       0x7c kernel.o
                                 0xac (size before relaxing)

.comment        0x00000000       0x12
 .comment       0x00000000       0x12 kernel.o
                                 0x13 (size before relaxing)
