
There are no discarded input sections

Memory Configuration

Name             Origin             Length             Attributes
*default*        0x00000000         0xffffffff

Linker script and memory map

LOAD boot.o
LOAD kernel.o
LOAD vgadisplay_drv.o
LOAD /home/graeme/opt/cross/lib/gcc/i686-elf/14.2.0/libgcc.a
                0x00200000                        . = 0x200000

.text           0x00200000      0x271
 *(.multiboot)
 .multiboot     0x00200000        0xc boot.o
 *(.text)
 *fill*         0x0020000c        0x4 
 .text          0x00200010        0xe boot.o
                0x00200010                _start
 *fill*         0x0020001e        0x2 
 .text          0x00200020       0x68 kernel.o
                0x00200020                kernel_main
 *fill*         0x00200088        0x8 
 .text          0x00200090      0x1e1 vgadisplay_drv.o
                0x00200090                vga_init
                0x002000c2                color_set
                0x002000d7                clear_screen
                0x002000f6                cursor_pos_get
                0x00200105                scroll_up
                0x0020011e                cursor_state_set
                0x0020016b                cursor_set
                0x00200197                print_string
                0x00200211                put_char

.iplt           0x00200271        0x0
 .iplt          0x00200271        0x0 boot.o

.rel.dyn        0x00200274        0x0
 .rel.got       0x00200274        0x0 boot.o
 .rel.iplt      0x00200274        0x0 boot.o

.rodata
 *(.rodata)

.rodata.str1.1  0x00200271       0x40
 .rodata.str1.1
                0x00200271       0x40 kernel.o

.data           0x00201000        0x7
 *(.data)
 .data          0x00201000        0x0 kernel.o
 .data          0x00201000        0x7 vgadisplay_drv.o

.got            0x00201008        0x0
 .got           0x00201008        0x0 boot.o

.got.plt        0x00201008        0x0
 .got.plt       0x00201008        0x0 boot.o

.igot.plt       0x00201008        0x0
 .igot.plt      0x00201008        0x0 boot.o

.bss            0x00202000     0x4000
 *(COMMON)
 *(.bss)
 .bss           0x00202000     0x4000 boot.o
 .bss           0x00206000        0x0 kernel.o
OUTPUT(bonesOS.bin elf32-i386)

.debug_aranges  0x00000000       0x60
 .debug_aranges
                0x00000000       0x20 boot.o
 .debug_aranges
                0x00000020       0x20 kernel.o
 .debug_aranges
                0x00000040       0x20 vgadisplay_drv.o

.debug_pubnames
                0x00000000        0x0
 .debug_pubnames
                0x00000000        0x0 boot.o
 .debug_pubnames
                0x00000000        0x0 vgadisplay_drv.o

.debug_info     0x00000000      0x245
 .debug_info    0x00000000       0x59 boot.o
 .debug_info    0x00000059      0x189 kernel.o
 .debug_info    0x000001e2       0x63 vgadisplay_drv.o

.debug_abbrev   0x00000000       0xda
 .debug_abbrev  0x00000000       0x1d boot.o
 .debug_abbrev  0x0000001d       0xa0 kernel.o
 .debug_abbrev  0x000000bd       0x1d vgadisplay_drv.o

.debug_line     0x00000000      0x1f0
 .debug_line    0x00000000       0x44 boot.o
 .debug_line    0x00000044       0x6b kernel.o
 .debug_line    0x000000af      0x141 vgadisplay_drv.o

.debug_frame    0x00000000       0x38
 .debug_frame   0x00000000        0x0 boot.o
 .debug_frame   0x00000000       0x34 kernel.o
 *fill*         0x00000034        0x4 
 .debug_frame   0x00000038        0x0 vgadisplay_drv.o

.debug_loc      0x00000000        0x0
 .debug_loc     0x00000000        0x0 boot.o
 .debug_loc     0x00000000        0x0 vgadisplay_drv.o

.debug_str      0x00000000      0x207
 .debug_str     0x00000000      0x207 kernel.o
                                0x240 (size before relaxing)

.debug_line_str
                0x00000000       0x7c
 .debug_line_str
                0x00000000       0x7c kernel.o
                                 0xac (size before relaxing)

.comment        0x00000000       0x12
 .comment       0x00000000       0x12 kernel.o
                                 0x13 (size before relaxing)
