
There are no discarded input sections

Memory Configuration

Name             Origin             Length             Attributes
*default*        0x00000000         0xffffffff

Linker script and memory map

LOAD boot.o
LOAD kernel.o
LOAD vgadisplay_drv.o
LOAD gdt.o
LOAD isr.o
LOAD idt.o
LOAD /home/graeme/opt/cross/lib/gcc/i686-elf/14.2.0/libgcc.a
                0x00200000                        . = 0x200000

.text           0x00200000      0xc4d
 *(.multiboot)
 .multiboot     0x00200000        0xc boot.o
 *(.text)
 *fill*         0x0020000c        0x4 
 .text          0x00200010       0x18 boot.o
                0x00200010                _start
 *fill*         0x00200028        0x8 
 .text          0x00200030       0x67 kernel.o
                0x00200030                kernel_main
 *fill*         0x00200097        0x9 
 .text          0x002000a0      0x1fb vgadisplay_drv.o
                0x002000a0                vga_init
                0x002000d2                color_set
                0x002000e7                clear_screen
                0x00200106                cursor_pos_get
                0x00200115                scroll_up
                0x00200135                cursor_state_set
                0x00200182                cursor_set
                0x002001ae                print_string
                0x002001d5                cursor_set_position
                0x0020022f                put_char
 *fill*         0x0020029b        0x5 
 .text          0x002002a0       0x99 gdt.o
                0x002002be                gdt_load
 *fill*         0x00200339        0x7 
 .text          0x00200340      0x881 isr.o
                0x00200340                isr0
                0x00200350                isr1
                0x00200360                isr2
                0x00200370                isr3
                0x00200380                isr4
                0x00200390                isr5
                0x002003a0                isr6
                0x002003b0                isr7
                0x002003c0                isr8
                0x002003d0                isr9
                0x002003e0                isr10
                0x002003f0                isr11
                0x00200400                isr12
                0x00200410                isr13
                0x00200420                isr14
                0x00200430                isr15
                0x00200440                isr16
                0x00200450                isr17
                0x00200460                isr18
                0x00200470                isr19
                0x00200480                isr20
                0x00200490                isr21
                0x002004a0                isr22
                0x002004b0                isr23
                0x002004c0                isr24
                0x002004d0                isr25
                0x002004e0                isr26
                0x002004f0                isr27
                0x00200500                isr28
                0x00200510                isr29
                0x00200520                isr30
                0x00200530                isr31
                0x00200540                irq0
                0x00200550                irq1
                0x00200560                irq2
                0x00200570                irq3
                0x00200580                irq4
                0x00200590                irq5
                0x002005a0                irq6
                0x002005b0                irq7
                0x002005c0                irq8
                0x002005d0                irq9
                0x002005e0                irq10
                0x002005f0                irq11
                0x00200600                irq12
                0x00200610                irq13
                0x00200620                irq14
                0x00200630                irq15
                0x00200640                isrs_install
                0x00200aa0                isr_handler
                0x00200b10                irq_handler
                0x00200b70                register_interrupt_handler
                0x00200b90                isr32
                0x00200ba0                isr33
                0x00200bb0                isr34
                0x00200bc0                isr35
 *fill*         0x00200bc1        0xf 
 .text          0x00200bd0       0x7d idt.o
                0x00200bd0                idt_set_gate
                0x00200c10                idt_install

.iplt           0x00200c4d        0x0
 .iplt          0x00200c4d        0x0 boot.o

.rel.dyn        0x00200c50        0x0
 .rel.got       0x00200c50        0x0 boot.o
 .rel.iplt      0x00200c50        0x0 boot.o
 .rel.text      0x00200c50        0x0 boot.o

.rodata
 *(.rodata)

.rodata.str1.1  0x00200c4d      0x197
 .rodata.str1.1
                0x00200c4d      0x197 kernel.o
                                0x182 (size before relaxing)
 .rodata.str1.1
                0x00200de4      0x167 isr.o

.rodata.str1.4  0x00200de4       0x52
 .rodata.str1.4
                0x00200de4       0x52 kernel.o

.data           0x00201000      0x120
 *(.data)
 .data          0x00201000       0x80 kernel.o
                0x00201000                exception_messages
 .data          0x00201080        0x7 vgadisplay_drv.o
 *fill*         0x00201087       0x19 
 .data          0x002010a0       0x80 isr.o
 .data          0x00201120        0x0 idt.o

.got            0x00201120        0x0
 .got           0x00201120        0x0 boot.o

.got.plt        0x00201120        0x0
 .got.plt       0x00201120        0x0 boot.o

.igot.plt       0x00201120        0x0
 .igot.plt      0x00201120        0x0 boot.o

.bss            0x00202000     0x5020
 *(COMMON)
 *(.bss)
 .bss           0x00202000     0x4000 boot.o
 .bss           0x00206000      0x400 kernel.o
                0x00206000                interrupt_handlers
 .bss           0x00206400      0x400 isr.o
 .bss           0x00206800      0x820 idt.o
                0x00206800                idtp
                0x00206820                idt
OUTPUT(bonesOS.bin elf32-i386)

.debug_aranges  0x00000000       0xc0
 .debug_aranges
                0x00000000       0x20 boot.o
 .debug_aranges
                0x00000020       0x20 kernel.o
 .debug_aranges
                0x00000040       0x20 vgadisplay_drv.o
 .debug_aranges
                0x00000060       0x20 gdt.o
 .debug_aranges
                0x00000080       0x20 isr.o
 .debug_aranges
                0x000000a0       0x20 idt.o

.debug_pubnames
                0x00000000        0x0
 .debug_pubnames
                0x00000000        0x0 boot.o
 .debug_pubnames
                0x00000000        0x0 vgadisplay_drv.o
 .debug_pubnames
                0x00000000        0x0 gdt.o

.debug_info     0x00000000      0xc94
 .debug_info    0x00000000       0x59 boot.o
 .debug_info    0x00000059      0x2e8 kernel.o
 .debug_info    0x00000341       0x63 vgadisplay_drv.o
 .debug_info    0x000003a4       0x58 gdt.o
 .debug_info    0x000003fc      0x697 isr.o
 .debug_info    0x00000a93      0x201 idt.o

.debug_abbrev   0x00000000      0x49c
 .debug_abbrev  0x00000000       0x1d boot.o
 .debug_abbrev  0x0000001d      0x136 kernel.o
 .debug_abbrev  0x00000153       0x1d vgadisplay_drv.o
 .debug_abbrev  0x00000170       0x1d gdt.o
 .debug_abbrev  0x0000018d      0x1c6 isr.o
 .debug_abbrev  0x00000353      0x149 idt.o

.debug_line     0x00000000      0x4fd
 .debug_line    0x00000000       0x4a boot.o
 .debug_line    0x0000004a       0x77 kernel.o
 .debug_line    0x000000c1      0x16e vgadisplay_drv.o
 .debug_line    0x0000022f       0x66 gdt.o
 .debug_line    0x00000295      0x1b3 isr.o
 .debug_line    0x00000448       0xb5 idt.o

.debug_frame    0x00000000      0x484
 .debug_frame   0x00000000        0x0 boot.o
 .debug_frame   0x00000000       0x34 kernel.o
 *fill*         0x00000034        0x4 
 .debug_frame   0x00000038        0x0 vgadisplay_drv.o
 .debug_frame   0x00000038        0x0 gdt.o
 .debug_frame   0x00000038      0x3f4 isr.o
 .debug_frame   0x0000042c       0x58 idt.o

.debug_loc      0x00000000        0x0
 .debug_loc     0x00000000        0x0 boot.o
 .debug_loc     0x00000000        0x0 vgadisplay_drv.o
 .debug_loc     0x00000000        0x0 gdt.o

.debug_str      0x00000000      0x452
 .debug_str     0x00000000      0x452 kernel.o
                                0x299 (size before relaxing)
 .debug_str     0x00000452      0x2d6 isr.o
 .debug_str     0x00000452      0x168 idt.o

.debug_line_str
                0x00000000       0xa6
 .debug_line_str
                0x00000000       0xa6 kernel.o
                                 0xbb (size before relaxing)
 .debug_line_str
                0x000000a6       0xb8 isr.o
 .debug_line_str
                0x000000a6       0xaa idt.o

.comment        0x00000000       0x12
 .comment       0x00000000       0x12 kernel.o
                                 0x13 (size before relaxing)
 .comment       0x00000012       0x13 isr.o
 .comment       0x00000012       0x13 idt.o

.debug_loclists
                0x00000000       0x89
 .debug_loclists
                0x00000000       0x4a isr.o
 .debug_loclists
                0x0000004a       0x3f idt.o

.debug_rnglists
                0x00000000       0x22
 .debug_rnglists
                0x00000000       0x22 isr.o
