
There are no discarded input sections

Memory Configuration

Name             Origin             Length             Attributes
*default*        0x00000000         0xffffffff

Linker script and memory map

LOAD ../../build/asmHelpers.o
LOAD ../../build/convert.o
LOAD ../../build/kernel.o
LOAD ../../build/keyboard_drv.o
LOAD /home/graeme/opt/cross/lib/gcc/i686-elf/14.2.0/libgcc.a
                0x00200000                        . = 0x200000

.text           0x00200000      0x7e6
 *(.multiboot)
 *(.text)
 .text          0x00200000        0x0 ../../build/asmHelpers.o
 .text          0x00200000       0x37 ../../build/convert.o
                0x00200000                charToHex
 *fill*         0x00200037        0x9 
 .text          0x00200040      0x788 ../../build/kernel.o
                0x00200040                cb_keyboardInterrupt
                0x00200090                idt_set_gate
                0x002000d0                idt_install
                0x00200110                isrs_install
                0x002006f0                isr_handler
                0x00200720                irq_handler
                0x00200760                register_interrupt_handler
                0x00200780                kernel_main
 *fill*         0x002007c8        0x8 
 .text          0x002007d0       0x16 ../../build/keyboard_drv.o
                0x002007d0                keyboard_init
                0x002007e0                keyboard_status_get

.iplt           0x002007e6        0x0
 .iplt          0x002007e6        0x0 ../../build/asmHelpers.o

.rel.dyn        0x002007e8        0x0
 .rel.got       0x002007e8        0x0 ../../build/asmHelpers.o
 .rel.iplt      0x002007e8        0x0 ../../build/asmHelpers.o
 .rel.text      0x002007e8        0x0 ../../build/asmHelpers.o

.rodata
 *(.rodata)

.rodata.str1.1  0x002007e6      0x182
 .rodata.str1.1
                0x002007e6      0x182 ../../build/kernel.o

.data           0x00201000       0x80
 *(.data)
 .data          0x00201000        0x0 ../../build/asmHelpers.o
 .data          0x00201000        0x0 ../../build/convert.o
 .data          0x00201000       0x80 ../../build/kernel.o
                0x00201000                exception_messages
 .data          0x00201080        0x0 ../../build/keyboard_drv.o

.got            0x00201080        0x0
 .got           0x00201080        0x0 ../../build/asmHelpers.o

.got.plt        0x00201080        0x0
 .got.plt       0x00201080        0x0 ../../build/asmHelpers.o

.igot.plt       0x00201080        0x0
 .igot.plt      0x00201080        0x0 ../../build/asmHelpers.o

.bss            0x00202000      0xc20
 *(COMMON)
 *(.bss)
 .bss           0x00202000        0x0 ../../build/asmHelpers.o
 .bss           0x00202000        0x0 ../../build/convert.o
 .bss           0x00202000      0xc20 ../../build/kernel.o
                0x00202000                interrupt_handlers
                0x00202400                idtp
                0x00202420                idt
 .bss           0x00202c20        0x0 ../../build/keyboard_drv.o
OUTPUT(../../build/bonesOS.bin elf32-i386)

.debug_info     0x00000000     0x1a88
 .debug_info    0x00000000       0x65 ../../build/asmHelpers.o
 .debug_info    0x00000065       0x8b ../../build/convert.o
 .debug_info    0x000000f0     0x1892 ../../build/kernel.o
 .debug_info    0x00001982      0x106 ../../build/keyboard_drv.o

.debug_abbrev   0x00000000      0x48d
 .debug_abbrev  0x00000000       0x26 ../../build/asmHelpers.o
 .debug_abbrev  0x00000026       0x7e ../../build/convert.o
 .debug_abbrev  0x000000a4      0x31e ../../build/kernel.o
 .debug_abbrev  0x000003c2       0xcb ../../build/keyboard_drv.o

.debug_aranges  0x00000000       0x78
 .debug_aranges
                0x00000000       0x18 ../../build/asmHelpers.o
 .debug_aranges
                0x00000018       0x20 ../../build/convert.o
 .debug_aranges
                0x00000038       0x20 ../../build/kernel.o
 .debug_aranges
                0x00000058       0x20 ../../build/keyboard_drv.o

.debug_line     0x00000000      0xd57
 .debug_line    0x00000000       0x31 ../../build/asmHelpers.o
 .debug_line    0x00000031       0x7a ../../build/convert.o
 .debug_line    0x000000ab      0xc3c ../../build/kernel.o
 .debug_line    0x00000ce7       0x70 ../../build/keyboard_drv.o

.debug_str      0x00000000      0x494
 .debug_str     0x00000000      0x494 ../../build/asmHelpers.o
                                 0xd5 (size before relaxing)
 .debug_str     0x00000494       0x65 ../../build/convert.o
 .debug_str     0x00000494      0x4cd ../../build/kernel.o
 .debug_str     0x00000494      0x115 ../../build/keyboard_drv.o

.debug_line_str
                0x00000000      0x112
 .debug_line_str
                0x00000000      0x112 ../../build/asmHelpers.o
                                 0x6c (size before relaxing)
 .debug_line_str
                0x00000112       0x70 ../../build/convert.o
 .debug_line_str
                0x00000112      0x11a ../../build/kernel.o
 .debug_line_str
                0x00000112       0xd0 ../../build/keyboard_drv.o

.comment        0x00000000       0x12
 .comment       0x00000000       0x12 ../../build/asmHelpers.o
                                 0x13 (size before relaxing)
 .comment       0x00000012       0x13 ../../build/convert.o
 .comment       0x00000012       0x13 ../../build/kernel.o
 .comment       0x00000012       0x13 ../../build/keyboard_drv.o

.debug_loclists
                0x00000000      0x977
 .debug_loclists
                0x00000000       0x25 ../../build/convert.o
 .debug_loclists
                0x00000025      0x934 ../../build/kernel.o
 .debug_loclists
                0x00000959       0x1e ../../build/keyboard_drv.o

.debug_frame    0x00000000      0x184
 .debug_frame   0x00000000       0x3c ../../build/convert.o
 .debug_frame   0x0000003c      0x114 ../../build/kernel.o
 .debug_frame   0x00000150       0x34 ../../build/keyboard_drv.o

.debug_rnglists
                0x00000000      0x2e3
 .debug_rnglists
                0x00000000      0x2e3 ../../build/kernel.o
